# One

## Two

### Level 3

#### Level 4

##### Level 5

###### Level 6

###### Level 7
