# One

## Two

### Subheading

#### Deeper subheading

## Three

## Four

### Subheading
