Alpha bravo charlie.

> Block quote

```js
some.code();
```
